// Jest Snapshot v1, https://goo.gl/fbAQLP

exports[`AudioPlayer is rendered correctly 1`] = `
<div
  className="game__track"
>
  <button
    className="track__button track__button--pause"
    disabled={true}
    onClick={[Function]}
    type="button"
  />
  <div
    className="track__status"
  >
    <audio />
    <div
      className="track__progress"
      style={
        Object {
          "background": "#707070",
          "height": "2px",
          "marginTop": "55px",
          "width": "0%",
        }
      }
    />
  </div>
</div>
`;
